-- The C compiler identification is GNU 13.3.0
-- The CXX compiler identification is GNU 13.3.0
-- Detecting C compiler ABI info
-- Detecting C compiler ABI info - done
-- Check for working C compiler: /usr/bin/cc - skipped
-- Detecting C compile features
-- Detecting C compile features - done
-- Detecting CXX compiler ABI info
-- Detecting CXX compiler ABI info - done
-- Check for working CXX compiler: /usr/bin/c++ - skipped
-- Detecting CXX compile features
-- Detecting CXX compile features - done
-- Found ament_cmake: 2.5.5 (/opt/ros/jazzy/share/ament_cmake/cmake)
-- Found Python3: /usr/bin/python3 (found version "3.12.3") found components: Interpreter 
-- Override CMake install command with custom implementation using symlinks instead of copying resources
-- Found ament_lint_auto: 0.17.4 (/opt/ros/jazzy/share/ament_lint_auto/cmake)
-- Added test 'copyright' to check source files copyright and LICENSE
-- Added test 'cppcheck' to perform static code analysis on C / C++ code
-- Configured cppcheck include dirs: 
-- Configured cppcheck exclude dirs and/or files: 
-- Added test 'cpplint' to check C / C++ code against the Google style
-- Configured cpplint exclude dirs and/or files: 
-- Added test 'flake8' to check Python code syntax and style conventions
-- Configured 'flake8' exclude dirs and/or files: 
-- Added test 'lint_cmake' to check CMake code style
-- Added test 'pep257' to check Python code against some of the docstring style conventions in PEP 257
-- Added test 'uncrustify' to check C / C++ code style
-- Configured uncrustify additional arguments: 
-- Added test 'xmllint' to check XML markup files
-- Configuring done (1.8s)
-- Generating done (0.0s)
-- Build files have been written to: /home/mtmarqs/dev_ws/src/cerise-mobile-robot/build/cerise_mobile_robot
-- Install configuration: ""
-- Execute custom install script
-- Symlinking: /home/mtmarqs/dev_ws/src/cerise-mobile-robot/install/cerise_mobile_robot/share/cerise_mobile_robot/config/drive_bot.rviz
-- Symlinking: /home/mtmarqs/dev_ws/src/cerise-mobile-robot/install/cerise_mobile_robot/share/cerise_mobile_robot/config/empty.yaml
-- Symlinking: /home/mtmarqs/dev_ws/src/cerise-mobile-robot/install/cerise_mobile_robot/share/cerise_mobile_robot/config/gz_bridge.yaml
-- Symlinking: /home/mtmarqs/dev_ws/src/cerise-mobile-robot/install/cerise_mobile_robot/share/cerise_mobile_robot/description/camera.xacro
-- Symlinking: /home/mtmarqs/dev_ws/src/cerise-mobile-robot/install/cerise_mobile_robot/share/cerise_mobile_robot/description/depth_camera.xacro
-- Symlinking: /home/mtmarqs/dev_ws/src/cerise-mobile-robot/install/cerise_mobile_robot/share/cerise_mobile_robot/description/gazebo_control.xacro
-- Symlinking: /home/mtmarqs/dev_ws/src/cerise-mobile-robot/install/cerise_mobile_robot/share/cerise_mobile_robot/description/inertial_macros.xacro
-- Symlinking: /home/mtmarqs/dev_ws/src/cerise-mobile-robot/install/cerise_mobile_robot/share/cerise_mobile_robot/description/lidar.xacro
-- Symlinking: /home/mtmarqs/dev_ws/src/cerise-mobile-robot/install/cerise_mobile_robot/share/cerise_mobile_robot/description/robot.urdf.xacro
-- Symlinking: /home/mtmarqs/dev_ws/src/cerise-mobile-robot/install/cerise_mobile_robot/share/cerise_mobile_robot/description/robot_core.xacro
-- Symlinking: /home/mtmarqs/dev_ws/src/cerise-mobile-robot/install/cerise_mobile_robot/share/cerise_mobile_robot/launch/launch_sim.launch.py
-- Symlinking: /home/mtmarqs/dev_ws/src/cerise-mobile-robot/install/cerise_mobile_robot/share/cerise_mobile_robot/launch/rsp.launch.py
-- Symlinking: /home/mtmarqs/dev_ws/src/cerise-mobile-robot/install/cerise_mobile_robot/share/cerise_mobile_robot/worlds/empty.world
-- Symlinking: /home/mtmarqs/dev_ws/src/cerise-mobile-robot/install/cerise_mobile_robot/share/cerise_mobile_robot/worlds/obstacles.world
-- Symlinking: /home/mtmarqs/dev_ws/src/cerise-mobile-robot/install/cerise_mobile_robot/share/ament_index/resource_index/package_run_dependencies/cerise_mobile_robot
-- Symlinking: /home/mtmarqs/dev_ws/src/cerise-mobile-robot/install/cerise_mobile_robot/share/ament_index/resource_index/parent_prefix_path/cerise_mobile_robot
-- Symlinking: /home/mtmarqs/dev_ws/src/cerise-mobile-robot/install/cerise_mobile_robot/share/cerise_mobile_robot/environment/ament_prefix_path.sh
-- Symlinking: /home/mtmarqs/dev_ws/src/cerise-mobile-robot/install/cerise_mobile_robot/share/cerise_mobile_robot/environment/ament_prefix_path.dsv
-- Symlinking: /home/mtmarqs/dev_ws/src/cerise-mobile-robot/install/cerise_mobile_robot/share/cerise_mobile_robot/environment/path.sh
-- Symlinking: /home/mtmarqs/dev_ws/src/cerise-mobile-robot/install/cerise_mobile_robot/share/cerise_mobile_robot/environment/path.dsv
-- Symlinking: /home/mtmarqs/dev_ws/src/cerise-mobile-robot/install/cerise_mobile_robot/share/cerise_mobile_robot/local_setup.bash
-- Symlinking: /home/mtmarqs/dev_ws/src/cerise-mobile-robot/install/cerise_mobile_robot/share/cerise_mobile_robot/local_setup.sh
-- Symlinking: /home/mtmarqs/dev_ws/src/cerise-mobile-robot/install/cerise_mobile_robot/share/cerise_mobile_robot/local_setup.zsh
-- Symlinking: /home/mtmarqs/dev_ws/src/cerise-mobile-robot/install/cerise_mobile_robot/share/cerise_mobile_robot/local_setup.dsv
-- Symlinking: /home/mtmarqs/dev_ws/src/cerise-mobile-robot/install/cerise_mobile_robot/share/cerise_mobile_robot/package.dsv
-- Symlinking: /home/mtmarqs/dev_ws/src/cerise-mobile-robot/install/cerise_mobile_robot/share/ament_index/resource_index/packages/cerise_mobile_robot
-- Symlinking: /home/mtmarqs/dev_ws/src/cerise-mobile-robot/install/cerise_mobile_robot/share/cerise_mobile_robot/cmake/cerise_mobile_robotConfig.cmake
-- Symlinking: /home/mtmarqs/dev_ws/src/cerise-mobile-robot/install/cerise_mobile_robot/share/cerise_mobile_robot/cmake/cerise_mobile_robotConfig-version.cmake
-- Symlinking: /home/mtmarqs/dev_ws/src/cerise-mobile-robot/install/cerise_mobile_robot/share/cerise_mobile_robot/package.xml
