[0.017s] Invoking command in '/home/mtmarqs/dev_ws/src/cerise-mobile-robot/build/cerise_mobile_robot': CMAKE_PREFIX_PATH=${CMAKE_PREFIX_PATH}:/opt/ros/jazzy /usr/bin/cmake /home/mtmarqs/dev_ws/src/cerise-mobile-robot -DAMENT_CMAKE_SYMLINK_INSTALL=1 -DCMAKE_INSTALL_PREFIX=/home/mtmarqs/dev_ws/src/cerise-mobile-robot/install/cerise_mobile_robot
[0.235s] -- The C compiler identification is GNU 13.3.0
[0.641s] -- The CXX compiler identification is GNU 13.3.0
[0.968s] -- Detecting C compiler ABI info
[1.146s] -- Detecting C compiler ABI info - done
[1.155s] -- Check for working C compiler: /usr/bin/cc - skipped
[1.155s] -- Detecting C compile features
[1.156s] -- Detecting C compile features - done
[1.209s] -- Detecting CXX compiler ABI info
[1.387s] -- Detecting CXX compiler ABI info - done
[1.397s] -- Check for working CXX compiler: /usr/bin/c++ - skipped
[1.397s] -- Detecting CXX compile features
[1.398s] -- Detecting CXX compile features - done
[1.414s] -- Found ament_cmake: 2.5.5 (/opt/ros/jazzy/share/ament_cmake/cmake)
[1.549s] -- Found Python3: /usr/bin/python3 (found version "3.12.3") found components: Interpreter 
[1.628s] -- Override CMake install command with custom implementation using symlinks instead of copying resources
[1.700s] -- Found ament_lint_auto: 0.17.4 (/opt/ros/jazzy/share/ament_lint_auto/cmake)
[1.818s] -- Added test 'copyright' to check source files copyright and LICENSE
[1.830s] -- Added test 'cppcheck' to perform static code analysis on C / C++ code
[1.830s] -- Configured cppcheck include dirs: 
[1.830s] -- Configured cppcheck exclude dirs and/or files: 
[1.838s] -- Added test 'cpplint' to check C / C++ code against the Google style
[1.839s] -- Configured cpplint exclude dirs and/or files: 
[1.841s] -- Added test 'flake8' to check Python code syntax and style conventions
[1.841s] -- Configured 'flake8' exclude dirs and/or files: 
[1.844s] -- Added test 'lint_cmake' to check CMake code style
[1.846s] -- Added test 'pep257' to check Python code against some of the docstring style conventions in PEP 257
[1.855s] -- Added test 'uncrustify' to check C / C++ code style
[1.855s] -- Configured uncrustify additional arguments: 
[1.858s] -- Added test 'xmllint' to check XML markup files
[1.861s] -- Configuring done (1.8s)
[1.865s] -- Generating done (0.0s)
[1.867s] -- Build files have been written to: /home/mtmarqs/dev_ws/src/cerise-mobile-robot/build/cerise_mobile_robot
[1.872s] Invoked command in '/home/mtmarqs/dev_ws/src/cerise-mobile-robot/build/cerise_mobile_robot' returned '0': CMAKE_PREFIX_PATH=${CMAKE_PREFIX_PATH}:/opt/ros/jazzy /usr/bin/cmake /home/mtmarqs/dev_ws/src/cerise-mobile-robot -DAMENT_CMAKE_SYMLINK_INSTALL=1 -DCMAKE_INSTALL_PREFIX=/home/mtmarqs/dev_ws/src/cerise-mobile-robot/install/cerise_mobile_robot
[1.873s] Invoking command in '/home/mtmarqs/dev_ws/src/cerise-mobile-robot/build/cerise_mobile_robot': CMAKE_PREFIX_PATH=${CMAKE_PREFIX_PATH}:/opt/ros/jazzy /usr/bin/cmake --build /home/mtmarqs/dev_ws/src/cerise-mobile-robot/build/cerise_mobile_robot -- -j8 -l8
[1.909s] Invoked command in '/home/mtmarqs/dev_ws/src/cerise-mobile-robot/build/cerise_mobile_robot' returned '0': CMAKE_PREFIX_PATH=${CMAKE_PREFIX_PATH}:/opt/ros/jazzy /usr/bin/cmake --build /home/mtmarqs/dev_ws/src/cerise-mobile-robot/build/cerise_mobile_robot -- -j8 -l8
[1.917s] Invoking command in '/home/mtmarqs/dev_ws/src/cerise-mobile-robot/build/cerise_mobile_robot': CMAKE_PREFIX_PATH=${CMAKE_PREFIX_PATH}:/opt/ros/jazzy /usr/bin/cmake --install /home/mtmarqs/dev_ws/src/cerise-mobile-robot/build/cerise_mobile_robot
[1.924s] -- Install configuration: ""
[1.924s] -- Execute custom install script
[1.925s] -- Symlinking: /home/mtmarqs/dev_ws/src/cerise-mobile-robot/install/cerise_mobile_robot/share/cerise_mobile_robot/config/drive_bot.rviz
[1.936s] -- Symlinking: /home/mtmarqs/dev_ws/src/cerise-mobile-robot/install/cerise_mobile_robot/share/cerise_mobile_robot/config/empty.yaml
[1.948s] -- Symlinking: /home/mtmarqs/dev_ws/src/cerise-mobile-robot/install/cerise_mobile_robot/share/cerise_mobile_robot/config/gz_bridge.yaml
[1.958s] -- Symlinking: /home/mtmarqs/dev_ws/src/cerise-mobile-robot/install/cerise_mobile_robot/share/cerise_mobile_robot/description/camera.xacro
[1.967s] -- Symlinking: /home/mtmarqs/dev_ws/src/cerise-mobile-robot/install/cerise_mobile_robot/share/cerise_mobile_robot/description/depth_camera.xacro
[1.974s] -- Symlinking: /home/mtmarqs/dev_ws/src/cerise-mobile-robot/install/cerise_mobile_robot/share/cerise_mobile_robot/description/gazebo_control.xacro
[1.984s] -- Symlinking: /home/mtmarqs/dev_ws/src/cerise-mobile-robot/install/cerise_mobile_robot/share/cerise_mobile_robot/description/inertial_macros.xacro
[1.994s] -- Symlinking: /home/mtmarqs/dev_ws/src/cerise-mobile-robot/install/cerise_mobile_robot/share/cerise_mobile_robot/description/lidar.xacro
[2.002s] -- Symlinking: /home/mtmarqs/dev_ws/src/cerise-mobile-robot/install/cerise_mobile_robot/share/cerise_mobile_robot/description/robot.urdf.xacro
[2.009s] -- Symlinking: /home/mtmarqs/dev_ws/src/cerise-mobile-robot/install/cerise_mobile_robot/share/cerise_mobile_robot/description/robot_core.xacro
[2.017s] -- Symlinking: /home/mtmarqs/dev_ws/src/cerise-mobile-robot/install/cerise_mobile_robot/share/cerise_mobile_robot/launch/launch_sim.launch.py
[2.026s] -- Symlinking: /home/mtmarqs/dev_ws/src/cerise-mobile-robot/install/cerise_mobile_robot/share/cerise_mobile_robot/launch/rsp.launch.py
[2.034s] -- Symlinking: /home/mtmarqs/dev_ws/src/cerise-mobile-robot/install/cerise_mobile_robot/share/cerise_mobile_robot/worlds/empty.world
[2.042s] -- Symlinking: /home/mtmarqs/dev_ws/src/cerise-mobile-robot/install/cerise_mobile_robot/share/cerise_mobile_robot/worlds/obstacles.world
[2.050s] -- Symlinking: /home/mtmarqs/dev_ws/src/cerise-mobile-robot/install/cerise_mobile_robot/share/ament_index/resource_index/package_run_dependencies/cerise_mobile_robot
[2.059s] -- Symlinking: /home/mtmarqs/dev_ws/src/cerise-mobile-robot/install/cerise_mobile_robot/share/ament_index/resource_index/parent_prefix_path/cerise_mobile_robot
[2.068s] -- Symlinking: /home/mtmarqs/dev_ws/src/cerise-mobile-robot/install/cerise_mobile_robot/share/cerise_mobile_robot/environment/ament_prefix_path.sh
[2.076s] -- Symlinking: /home/mtmarqs/dev_ws/src/cerise-mobile-robot/install/cerise_mobile_robot/share/cerise_mobile_robot/environment/ament_prefix_path.dsv
[2.083s] -- Symlinking: /home/mtmarqs/dev_ws/src/cerise-mobile-robot/install/cerise_mobile_robot/share/cerise_mobile_robot/environment/path.sh
[2.090s] -- Symlinking: /home/mtmarqs/dev_ws/src/cerise-mobile-robot/install/cerise_mobile_robot/share/cerise_mobile_robot/environment/path.dsv
[2.099s] -- Symlinking: /home/mtmarqs/dev_ws/src/cerise-mobile-robot/install/cerise_mobile_robot/share/cerise_mobile_robot/local_setup.bash
[2.107s] -- Symlinking: /home/mtmarqs/dev_ws/src/cerise-mobile-robot/install/cerise_mobile_robot/share/cerise_mobile_robot/local_setup.sh
[2.115s] -- Symlinking: /home/mtmarqs/dev_ws/src/cerise-mobile-robot/install/cerise_mobile_robot/share/cerise_mobile_robot/local_setup.zsh
[2.123s] -- Symlinking: /home/mtmarqs/dev_ws/src/cerise-mobile-robot/install/cerise_mobile_robot/share/cerise_mobile_robot/local_setup.dsv
[2.131s] -- Symlinking: /home/mtmarqs/dev_ws/src/cerise-mobile-robot/install/cerise_mobile_robot/share/cerise_mobile_robot/package.dsv
[2.140s] -- Symlinking: /home/mtmarqs/dev_ws/src/cerise-mobile-robot/install/cerise_mobile_robot/share/ament_index/resource_index/packages/cerise_mobile_robot
[2.148s] -- Symlinking: /home/mtmarqs/dev_ws/src/cerise-mobile-robot/install/cerise_mobile_robot/share/cerise_mobile_robot/cmake/cerise_mobile_robotConfig.cmake
[2.156s] -- Symlinking: /home/mtmarqs/dev_ws/src/cerise-mobile-robot/install/cerise_mobile_robot/share/cerise_mobile_robot/cmake/cerise_mobile_robotConfig-version.cmake
[2.165s] -- Symlinking: /home/mtmarqs/dev_ws/src/cerise-mobile-robot/install/cerise_mobile_robot/share/cerise_mobile_robot/package.xml
[2.175s] Invoked command in '/home/mtmarqs/dev_ws/src/cerise-mobile-robot/build/cerise_mobile_robot' returned '0': CMAKE_PREFIX_PATH=${CMAKE_PREFIX_PATH}:/opt/ros/jazzy /usr/bin/cmake --install /home/mtmarqs/dev_ws/src/cerise-mobile-robot/build/cerise_mobile_robot
